/*C6*/SET SCHEMA PUBLIC
DELETE FROM ALUNOS WHERE RA=999
INSERT INTO ALUNOS VALUES(999,'teste999Novo','2024-03-12',8888.00)
COMMIT
DISCONNECT
/*C7*/SET SCHEMA PUBLIC
DELETE FROM ALUNOS WHERE RA=999
COMMIT
DISCONNECT
/*C8*/SET SCHEMA PUBLIC
DISCONNECT
